[
    {
        "id": 32,
        "layout_id": 1,
        "definition_identifier": "list",
        "name": "My other block",
        "parameters": {
            "number_of_columns": 3,
            "css_class": null,
            "css_id": null,
            "set_container": null
        },
        "view_type": "grid",
        "item_view_type": "standard",
        "published": true,
        "has_published_state": true,
        "locale": "en",
        "is_translatable": true,
        "always_available": true,
        "is_container": false,
        "is_dynamic_container": false,
        "placeholders": [],
        "collections": []
    },
    {
        "id": 31,
        "layout_id": 1,
        "definition_identifier": "list",
        "name": "My published block",
        "parameters": {
            "number_of_columns": 3,
            "css_class": null,
            "css_id": null,
            "set_container": null
        },
        "view_type": "grid",
        "item_view_type": "standard_with_intro",
        "published": true,
        "has_published_state": true,
        "locale": "en",
        "is_translatable": true,
        "always_available": true,
        "is_container": false,
        "is_dynamic_container": false,
        "placeholders": [],
        "collections": [
            {
                "identifier": "default",
                "collection_id": 2,
                "collection_type": 1,
                "offset": 0,
                "limit": null
            },
            {
                "identifier": "featured",
                "collection_id": 3,
                "collection_type": 1,
                "offset": 4,
                "limit": 2
            }
        ]
    },
    {
        "id": 35,
        "layout_id": 1,
        "definition_identifier": "list",
        "name": "My fourth block",
        "parameters": {
            "number_of_columns": 3,
            "css_class": null,
            "css_id": null,
            "set_container": null
        },
        "view_type": "grid",
        "item_view_type": "standard",
        "published": true,
        "has_published_state": true,
        "locale": "en",
        "is_translatable": false,
        "always_available": true,
        "is_container": false,
        "is_dynamic_container": false,
        "placeholders": [],
        "collections": [
            {
                "identifier": "default",
                "collection_id": 4,
                "collection_type": 1,
                "offset": 0,
                "limit": null
            }
        ]
    }
]
