[
    {
        "id": 31,
        "layout_id": 1,
        "definition_identifier": "list",
        "name": "My published block",
        "parameters": {
            "number_of_columns": 3,
            "css_class": null,
            "css_id": null,
            "set_container": null
        },
        "view_type": "grid",
        "item_view_type": "standard_with_intro",
        "published": true,
        "has_published_state": true,
        "is_translatable": true,
        "locale": "en",
        "always_available": true,
        "is_container": false,
        "is_dynamic_container": false,
        "placeholders": []
    },
    {
        "id": 35,
        "layout_id": 1,
        "definition_identifier": "list",
        "name": "My fourth block",
        "parameters": {
            "number_of_columns": 3,
            "css_class": null,
            "css_id": null,
            "set_container": null
        },
        "view_type": "grid",
        "item_view_type": "standard",
        "published": true,
        "has_published_state": true,
        "is_translatable": false,
        "locale": "en",
        "always_available": true,
        "is_container": false,
        "is_dynamic_container": false,
        "placeholders": []
    }
]
