[
    {
        "id": 32,
        "layout_id": 1,
        "definition_identifier": "list",
        "name": "My other block",
        "parameters": {
            "number_of_columns": 3,
            "css_class": null,
            "css_id": null,
            "set_container": null
        },
        "view_type": "grid",
        "item_view_type": "standard",
        "published": false,
        "has_published_state": true,
        "is_translatable": true,
        "locale": "en",
        "main_locale": "en",
        "always_available": true,
        "available_locales": [
            "en"
        ],
        "is_container": false,
        "is_dynamic_container": false,
        "placeholders": []
    },
    {
        "id": 31,
        "layout_id": 1,
        "definition_identifier": "list",
        "name": "My block",
        "parameters": {
            "number_of_columns": 2,
            "css_class": "css-class",
            "css_id": "css-id",
            "set_container": null
        },
        "view_type": "list",
        "item_view_type": "standard",
        "published": false,
        "has_published_state": true,
        "is_translatable": true,
        "locale": "en",
        "main_locale": "en",
        "always_available": true,
        "available_locales": [
            "en"
        ],
        "is_container": false,
        "is_dynamic_container": false,
        "placeholders": []
    },
    {
        "id": 35,
        "layout_id": 1,
        "definition_identifier": "list",
        "name": "My fourth block",
        "parameters": {
            "number_of_columns": 3,
            "css_class": null,
            "css_id": null,
            "set_container": null
        },
        "view_type": "grid",
        "item_view_type": "standard",
        "published": false,
        "has_published_state": true,
        "is_translatable": false,
        "locale": "en",
        "main_locale": "en",
        "always_available": true,
        "available_locales": [
            "en"
        ],
        "is_container": false,
        "is_dynamic_container": false,
        "placeholders": []
    }
]
