{
    "items": [
        {
            "id": 10,
            "collection_id": 4,
            "position": 2,
            "type": 0,
            "value": 72,
            "value_type": "ezlocation",
            "visible": true,
            "scheduled": false,
            "name": "NHL Upsets This Week's Social TV Rankings",
            "cms_url": "/some/url",
            "cms_visible": true
        },
        {
            "id": 11,
            "collection_id": 4,
            "position": 3,
            "type": 0,
            "value": 73,
            "value_type": "ezlocation",
            "visible": true,
            "scheduled": false,
            "name": "How \"The Simpsons\" Fixed Apple's iPhone Keyboard",
            "cms_url": "/some/url",
            "cms_visible": true
        }
    ],
    "overflow_items": []
}
