{
    "items": [
        {
            "id": null,
            "collection_id": null,
            "position": 0,
            "type": 2,
            "cms_url": "/some/url",
            "value": 140,
            "value_type": "ezlocation",
            "name": "Will Starbucks Lose Its Coffee Smell To Fresh Croissants?",
            "visible": true,
            "invisibility_reason": null
        },
        {
            "id": null,
            "collection_id": null,
            "position": 1,
            "type": 2,
            "cms_url": "/some/url",
            "value": 79,
            "value_type": "ezlocation",
            "name": "Airbus Regains Top Spot From Boeing In Q1",
            "visible": true,
            "invisibility_reason": null
        },
        {
            "id": 10,
            "collection_id": 4,
            "position": 2,
            "type": 0,
            "cms_url": "/some/url",
            "value": 72,
            "value_type": "ezlocation",
            "name": "NHL Upsets This Week's Social TV Rankings",
            "visible": true,
            "invisibility_reason": null
        },
        {
            "id": 11,
            "collection_id": 4,
            "position": 3,
            "type": 0,
            "cms_url": "/some/url",
            "value": 73,
            "value_type": "ezlocation",
            "name": "How \"The Simpsons\" Fixed Apple's iPhone Keyboard",
            "visible": true,
            "invisibility_reason": null
        },
        {
            "id": null,
            "collection_id": null,
            "position": 4,
            "type": 2,
            "cms_url": "/some/url",
            "value": 78,
            "value_type": "ezlocation",
            "name": "British Airways rolls out first painted A380",
            "visible": true,
            "invisibility_reason": null
        },
        {
            "id": 12,
            "collection_id": 4,
            "position": 5,
            "type": 0,
            "cms_url": "/some/url",
            "value": 74,
            "value_type": "ezlocation",
            "name": "The Ultimate Beer Infographic Just Got Even More Ultimate",
            "visible": true,
            "invisibility_reason": null
        }
    ],
    "overflow_items": []
}
