[
    {
        "identifier": "default",
        "block_id": 1,
        "collection_id": 1,
        "collection_type": 0,
        "collection_shared": false,
        "collection_name": null,
        "offset": 0,
        "limit": null
    },
    {
        "identifier": "featured",
        "block_id": 1,
        "collection_id": 3,
        "collection_type": 1,
        "collection_shared": true,
        "collection_name": "My collection",
        "offset": 0,
        "limit": null
    }
]
