{
    "identifier": "default",
    "block_id": 31,
    "collection_id": 1,
    "collection_type": 0,
    "offset": 0,
    "limit": null
}
