{
    "id": 8,
    "type": "4_zones_b",
    "published": true,
    "has_published_state": true,
    "shared": false,
    "name": "My new layout name",
    "zones": [
        {
            "identifier": "bottom",
            "name": "Bottom",
            "block_ids": [],
            "allowed_block_definitions": true,
            "linked_layout_id": null,
            "linked_zone_identifier": null
        },
        {
            "identifier": "left",
            "name": "Left",
            "block_ids": [],
            "allowed_block_definitions": true,
            "linked_layout_id": null,
            "linked_zone_identifier": null
        },
        {
            "identifier": "right",
            "name": "Right",
            "block_ids": [],
            "allowed_block_definitions": true,
            "linked_layout_id": null,
            "linked_zone_identifier": null
        },
        {
            "identifier": "top",
            "name": "Top",
            "block_ids": [],
            "allowed_block_definitions": true,
            "linked_layout_id": null,
            "linked_zone_identifier": null
        }
    ]
}
