{
    "id": 3,
    "type": 1,
    "shared": true,
    "name": "My collection",
    "items": [
        {
            "id": 7,
            "collection_id": 3,
            "position": 2,
            "type": 0,
            "value_id": "72",
            "value_type": "ezlocation",
            "name": null,
            "visible": null
        },
        {
            "id": 8,
            "collection_id": 3,
            "position": 3,
            "type": 0,
            "value_id": "73",
            "value_type": "ezlocation",
            "name": null,
            "visible": null
        },
        {
            "id": 9,
            "collection_id": 3,
            "position": 5,
            "type": 0,
            "value_id": "74",
            "value_type": "ezlocation",
            "name": null,
            "visible": null
        }
    ],
    "queries": [
        {
            "id": 2,
            "collection_id": 3,
            "position": 0,
            "identifier": "default",
            "type": "ezcontent_search",
            "parameters": {
                "parent_location_id": 2,
                "sort_direction": "descending",
                "sort_type": "date_published",
                "offset": 0,
                "query_type": "list"
            }
        },
        {
            "id": 3,
            "collection_id": 3,
            "position": 1,
            "identifier": "featured",
            "type": "ezcontent_search",
            "parameters": {
                "parent_location_id": 2,
                "sort_direction": "descending",
                "sort_type": "date_published",
                "offset": 0,
                "query_type": "list"
            }
        }
    ]
}
