{
    "id": 7,
    "collection_id": 3,
    "position": 2,
    "type": 0,
    "value_id": "72",
    "value_type": "ezlocation",
    "name": "NHL Upsets This Week's Social TV Rankings",
    "visible": true
}
