{
    "id": 7,
    "definition_identifier": "list",
    "name": "My block",
    "zone_identifier": "right",
    "position": 2,
    "layout_id": 1,
    "parameters": {
        "number_of_columns": 2,
        "css_class": null,
        "css_id": null,
        "set_container": null
    },
    "view_type": "list",
    "item_view_type": "standard",
    "published": false,
    "has_published_state": false
}
