{
    "id": 39,
    "layout_id": 2,
    "definition_identifier": "list",
    "name": "",
    "parameters": {
        "number_of_columns": 3,
        "css_class": null,
        "css_id": null,
        "set_container": null
    },
    "view_type": "grid",
    "item_view_type": "standard",
    "published": false,
    "has_published_state": false,
    "is_translatable": false,
    "locale": "en",
    "always_available": true,
    "is_container": false,
    "is_dynamic_container": false,
    "placeholders": []
}
