{
    "id": 31,
    "layout_id": 1,
    "definition_identifier": "list",
    "name": "My block",
    "parameters": {
        "number_of_columns": 2,
        "css_class": "css-class",
        "css_id": "css-id",
        "set_container": null
    },
    "view_type": "list",
    "item_view_type": "standard",
    "published": false,
    "has_published_state": true,
    "locale": "en",
    "is_translatable": true,
    "always_available": true,
    "is_container": false,
    "is_dynamic_container": false,
    "placeholders": [],
    "collections": [
        {
            "identifier": "default",
            "collection_id": 1,
            "collection_type": 0,
            "offset": 0,
            "limit": null
        },
        {
            "identifier": "featured",
            "collection_id": 3,
            "collection_type": 1,
            "offset": 4,
            "limit": 2
        }
    ]
}
