[
    {
        "id": 7,
        "collection_id": 3,
        "position": 2,
        "type": 0,
        "visible": true,
        "scheduled": false,
        "value": 72,
        "value_type": "my_value_type",
        "name": "Value with ID #72",
        "cms_visible": true,
        "cms_url": "/value/72/some/url"
    },
    {
        "id": 8,
        "collection_id": 3,
        "position": 3,
        "type": 0,
        "visible": true,
        "scheduled": false,
        "value": 73,
        "value_type": "my_value_type",
        "name": "Value with ID #73",
        "cms_visible": true,
        "cms_url": "/value/73/some/url"
    },
    {
        "id": 9,
        "collection_id": 3,
        "position": 5,
        "type": 0,
        "visible": true,
        "scheduled": false,
        "value": 74,
        "value_type": "my_value_type",
        "name": "Value with ID #74",
        "cms_visible": true,
        "cms_url": "/value/74/some/url"
    }
]
