{
    "id": 7,
    "collection_id": 3,
    "position": 2,
    "type": 0,
    "visible": true,
    "scheduled": false,
    "value": 72,
    "value_type": "my_value_type",
    "name": "NHL Upsets This Week's Social TV Rankings",
    "cms_visible": true,
    "cms_url": "/some/url"
}
