{
    "id": 3,
    "type": 1,
    "is_translatable": true,
    "main_locale": "en",
    "always_available": true,
    "available_locales": [
        "en"
    ],
    "items": [
        {
            "id": 7,
            "collection_id": 3,
            "position": 2,
            "type": 0,
            "value_id": "72",
            "value_type": "ezlocation",
            "name": "NHL Upsets This Week's Social TV Rankings",
            "visible": true
        },
        {
            "id": 8,
            "collection_id": 3,
            "position": 3,
            "type": 0,
            "value_id": "73",
            "value_type": "ezlocation",
            "name": "How \"The Simpsons\" Fixed Apple's iPhone Keyboard",
            "visible": true
        },
        {
            "id": 9,
            "collection_id": 3,
            "position": 5,
            "type": 0,
            "value_id": "74",
            "value_type": "ezlocation",
            "name": "The Ultimate Beer Infographic Just Got Even More Ultimate",
            "visible": true
        }
    ],
    "query": {
        "id": 2,
        "collection_id": 3,
        "type": "ezcontent_search",
        "is_translatable": true,
        "locale": "en",
        "main_locale": "en",
        "always_available": true,
        "available_locales": [
            "en"
        ],
        "parameters": {
            "use_current_location": null,
            "parent_location_id": 2,
            "sort_type": "date_published",
            "sort_direction": "descending",
            "limit": null,
            "offset": 0,
            "query_type": "list",
            "only_main_locations": true,
            "filter_by_content_type": null,
            "content_types": null,
            "content_types_filter": "include"
        }
    }
}
