{
    "id": 7,
    "definition_identifier": "title",
    "name": "",
    "zone_identifier": "bottom",
    "position": 0,
    "layout_id": 1,
    "parameters": {
        "tag": "h1",
        "title": "My cool title",
        "css_class": null,
        "css_id": null
    },
    "view_type": "default",
    "item_view_type": "standard"
}
