{
    "id": 7,
    "definition_identifier": "title",
    "name": "",
    "zone_identifier": "right",
    "position": 2,
    "layout_id": 1,
    "parameters": {
        "tag": "h1",
        "title": "Title",
        "css_class": null,
        "css_id": null
    },
    "view_type": "title",
    "item_view_type": "standard",
    "has_published_state": false
}
