{
    "id": 1,
    "definition_identifier": "text",
    "name": "My block",
    "zone_identifier": "right",
    "position": 0,
    "layout_id": 1,
    "parameters": {
        "content": "Text"
    },
    "view_type": "default",
    "item_view_type": "standard"
}
